\BOOKMARK [1][-]{section.1}{\376\377\000I\000n\000t\000r\000o\000d\000u\000c\000t\000i\000o\000n}{}% 1
\BOOKMARK [2][-]{subsection.1.1}{\376\377\000M\000o\000t\000i\000v\000a\000t\000i\000o\000n}{section.1}% 2
\BOOKMARK [2][-]{subsection.1.2}{\376\377\000S\000y\000s\000t\000e\000m\000\040\000E\000v\000o\000l\000u\000t\000i\000o\000n\000:\000\040\0005\0002\000\040\000P\000h\000a\000s\000e\000s\000\040\000i\000n\000\040\0006\000\040\000M\000o\000n\000t\000h\000s}{section.1}% 3
\BOOKMARK [2][-]{subsection.1.3}{\376\377\000P\000a\000p\000e\000r\000\040\000O\000r\000g\000a\000n\000i\000z\000a\000t\000i\000o\000n}{section.1}% 4
\BOOKMARK [1][-]{section.2}{\376\377\000L\000e\000g\000a\000c\000y\000\040\000A\000r\000c\000h\000i\000t\000e\000c\000t\000u\000r\000e\000:\000\040\000D\000o\000c\000k\000e\000r\000\040\000M\000C\000P\000\040\000G\000a\000t\000e\000w\000a\000y\000\040\000S\000t\000a\000c\000k}{}% 5
\BOOKMARK [2][-]{subsection.2.1}{\376\377\000C\000o\000m\000p\000o\000n\000e\000n\000t\000\040\000I\000n\000v\000e\000n\000t\000o\000r\000y}{section.2}% 6
\BOOKMARK [2][-]{subsection.2.2}{\376\377\000D\000o\000c\000k\000e\000r\000\040\000M\000C\000P\000\040\000G\000a\000t\000e\000w\000a\000y\000:\000\040\000P\000r\000o\000t\000o\000c\000o\000l\000\040\000B\000r\000i\000d\000g\000e}{section.2}% 7
\BOOKMARK [2][-]{subsection.2.3}{\376\377\000P\000r\000o\000v\000i\000s\000i\000o\000n\000i\000n\000g\000\040\000S\000y\000s\000t\000e\000m}{section.2}% 8
\BOOKMARK [2][-]{subsection.2.4}{\376\377\000L\000i\000m\000i\000t\000a\000t\000i\000o\000n\000s\000\040\000D\000r\000i\000v\000i\000n\000g\000\040\000t\000h\000e\000\040\000A\000W\000S\000\040\000P\000o\000r\000t}{section.2}% 9
\BOOKMARK [1][-]{section.3}{\376\377\000A\000W\000S\000-\000N\000a\000t\000i\000v\000e\000\040\000T\000a\000r\000g\000e\000t\000\040\000A\000r\000c\000h\000i\000t\000e\000c\000t\000u\000r\000e}{}% 10
\BOOKMARK [2][-]{subsection.3.1}{\376\377\000C\000o\000m\000p\000o\000n\000e\000n\000t\000\040\000M\000a\000p\000p\000i\000n\000g\000:\000\040\000L\000e\000g\000a\000c\000y\000\040\000t\000o\000\040\000A\000W\000S}{section.3}% 11
\BOOKMARK [2][-]{subsection.3.2}{\376\377\000C\000D\000K\000\040\000S\000t\000a\000c\000k\000\040\000D\000e\000c\000o\000m\000p\000o\000s\000i\000t\000i\000o\000n}{section.3}% 12
\BOOKMARK [2][-]{subsection.3.3}{\376\377\000N\000e\000t\000w\000o\000r\000k\000\040\000S\000e\000c\000u\000r\000i\000t\000y\000:\000\040\000Z\000e\000r\000o\000\040\000I\000n\000t\000e\000r\000n\000e\000t\000\040\000E\000x\000p\000o\000s\000u\000r\000e}{section.3}% 13
\BOOKMARK [1][-]{section.4}{\376\377\000A\000d\000a\000p\000t\000e\000r\000\040\000P\000a\000t\000t\000e\000r\000n\000:\000\040\000T\000r\000a\000n\000s\000p\000a\000r\000e\000n\000t\000\040\000B\000a\000c\000k\000e\000n\000d\000\040\000S\000w\000i\000t\000c\000h\000i\000n\000g}{}% 14
\BOOKMARK [2][-]{subsection.4.1}{\376\377\000I\000n\000t\000e\000r\000f\000a\000c\000e\000\040\000C\000o\000n\000t\000r\000a\000c\000t\000s}{section.4}% 15
\BOOKMARK [2][-]{subsection.4.2}{\376\377\000V\000e\000c\000t\000o\000r\000\040\000D\000a\000t\000a\000b\000a\000s\000e\000\040\000A\000d\000a\000p\000t\000e\000r\000\040\000I\000n\000t\000e\000r\000f\000a\000c\000e}{section.4}% 16
\BOOKMARK [2][-]{subsection.4.3}{\376\377\000G\000r\000a\000p\000h\000\040\000D\000a\000t\000a\000b\000a\000s\000e\000\040\000A\000d\000a\000p\000t\000e\000r\000\040\000I\000n\000t\000e\000r\000f\000a\000c\000e}{section.4}% 17
\BOOKMARK [2][-]{subsection.4.4}{\376\377\000B\000a\000c\000k\000e\000n\000d\000\040\000S\000e\000l\000e\000c\000t\000i\000o\000n\000\040\000A\000l\000g\000o\000r\000i\000t\000h\000m}{section.4}% 18
\BOOKMARK [2][-]{subsection.4.5}{\376\377\000A\000P\000O\000C\000\040\000P\000r\000o\000c\000e\000d\000u\000r\000e\000\040\000T\000r\000a\000n\000s\000f\000o\000r\000m\000a\000t\000i\000o\000n\000\040\000E\000n\000g\000i\000n\000e}{section.4}% 19
\BOOKMARK [1][-]{section.5}{\376\377\000D\000a\000t\000a\000\040\000M\000i\000g\000r\000a\000t\000i\000o\000n\000:\000\040\000S\0003\000\040\000S\000t\000a\000g\000i\000n\000g\000\040\000P\000i\000p\000e\000l\000i\000n\000e}{}% 20
\BOOKMARK [2][-]{subsection.5.1}{\376\377\000M\000i\000g\000r\000a\000t\000i\000o\000n\000\040\000P\000i\000p\000e\000l\000i\000n\000e}{section.5}% 21
\BOOKMARK [2][-]{subsection.5.2}{\376\377\000V\000e\000c\000t\000o\000r\000\040\000M\000i\000g\000r\000a\000t\000i\000o\000n\000:\000\040\000C\000h\000r\000o\000m\000a\000D\000B\000\040\000t\000o\000\040\000O\000p\000e\000n\000S\000e\000a\000r\000c\000h}{section.5}% 22
\BOOKMARK [2][-]{subsection.5.3}{\376\377\000G\000r\000a\000p\000h\000\040\000M\000i\000g\000r\000a\000t\000i\000o\000n\000:\000\040\000N\000e\000o\0004\000j\000\040\000t\000o\000\040\000N\000e\000p\000t\000u\000n\000e}{section.5}% 23
\BOOKMARK [1][-]{section.6}{\376\377\000G\000r\000a\000p\000h\000-\000G\000u\000i\000d\000e\000d\000\040\000S\000e\000m\000a\000n\000t\000i\000c\000\040\000R\000e\000t\000r\000i\000e\000v\000a\000l\000\040\000\050\000G\000G\000S\000R\000\051}{}% 24
\BOOKMARK [2][-]{subsection.6.1}{\376\377\000A\000l\000g\000o\000r\000i\000t\000h\000m\000\040\000O\000v\000e\000r\000v\000i\000e\000w}{section.6}% 25
\BOOKMARK [2][-]{subsection.6.2}{\376\377\000K\000n\000o\000w\000l\000e\000d\000g\000e\000\040\000G\000r\000a\000p\000h\000\040\000S\000t\000r\000u\000c\000t\000u\000r\000e}{section.6}% 26
\BOOKMARK [2][-]{subsection.6.3}{\376\377\000G\000G\000S\000R\000\040\000T\000r\000a\000v\000e\000r\000s\000a\000l\000\040\000W\000e\000i\000g\000h\000t\000s}{section.6}% 27
\BOOKMARK [2][-]{subsection.6.4}{\376\377\000H\000i\000e\000r\000a\000r\000c\000h\000i\000c\000a\000l\000\040\000C\000o\000m\000m\000u\000n\000i\000t\000y\000\040\000D\000e\000t\000e\000c\000t\000i\000o\000n}{section.6}% 28
\BOOKMARK [1][-]{section.7}{\376\377\000M\000u\000l\000t\000i\000-\000M\000o\000d\000e\000l\000\040\000E\000m\000b\000e\000d\000d\000i\000n\000g\000\040\000P\000i\000p\000e\000l\000i\000n\000e}{}% 29
\BOOKMARK [2][-]{subsection.7.1}{\376\377\000E\000m\000b\000e\000d\000d\000i\000n\000g\000\040\000M\000o\000d\000e\000l\000\040\000R\000e\000g\000i\000s\000t\000r\000y}{section.7}% 30
\BOOKMARK [2][-]{subsection.7.2}{\376\377\000M\000o\000d\000e\000l\000-\000A\000w\000a\000r\000e\000\040\000C\000o\000l\000l\000e\000c\000t\000i\000o\000n\000\040\000N\000a\000m\000i\000n\000g}{section.7}% 31
\BOOKMARK [2][-]{subsection.7.3}{\376\377\000H\000y\000b\000r\000i\000d\000\040\000S\000e\000a\000r\000c\000h\000:\000\040\000B\000M\0002\0005\000\040\000+\000\040\000V\000e\000c\000t\000o\000r\000\040\000+\000\040\000R\000R\000F\000\040\000F\000u\000s\000i\000o\000n}{section.7}% 32
\BOOKMARK [2][-]{subsection.7.4}{\376\377\000B\000e\000n\000c\000h\000m\000a\000r\000k\000\040\000R\000e\000s\000u\000l\000t\000s\000:\000\040\000T\000i\000t\000a\000n\0001\0000\0002\0004\000\040\000v\000s\000\040\000M\000P\000N\000e\000t\0007\0006\0008}{section.7}% 33
\BOOKMARK [1][-]{section.8}{\376\377\000P\000r\000i\000v\000a\000t\000e\000\040\000M\000C\000P\000\040\000D\000e\000p\000l\000o\000y\000m\000e\000n\000t}{}% 34
\BOOKMARK [2][-]{subsection.8.1}{\376\377\000R\000e\000q\000u\000e\000s\000t\000\040\000F\000l\000o\000w}{section.8}% 35
\BOOKMARK [2][-]{subsection.8.2}{\376\377\000E\000C\000S\000\040\000T\000a\000s\000k\000\040\000D\000e\000f\000i\000n\000i\000t\000i\000o\000n}{section.8}% 36
\BOOKMARK [2][-]{subsection.8.3}{\376\377\000I\000A\000M\000\040\000L\000e\000a\000s\000t\000-\000P\000r\000i\000v\000i\000l\000e\000g\000e\000\040\000M\000o\000d\000e\000l}{section.8}% 37
\BOOKMARK [2][-]{subsection.8.4}{\376\377\000W\000h\000a\000t\000\040\000W\000a\000s\000\040\000R\000e\000m\000o\000v\000e\000d}{section.8}% 38
\BOOKMARK [1][-]{section.9}{\376\377\000K\000i\000r\000o\000\040\000S\000p\000e\000c\000-\000D\000r\000i\000v\000e\000n\000\040\000D\000e\000v\000e\000l\000o\000p\000m\000e\000n\000t\000\040\000M\000e\000t\000h\000o\000d\000o\000l\000o\000g\000y}{}% 39
\BOOKMARK [2][-]{subsection.9.1}{\376\377\000S\000D\000D\000\040\000L\000i\000f\000e\000c\000y\000c\000l\000e}{section.9}% 40
\BOOKMARK [2][-]{subsection.9.2}{\376\377\000K\000i\000r\000o\000\040\000S\000p\000e\000c\000i\000f\000i\000c\000a\000t\000i\000o\000n\000s\000\040\000f\000o\000r\000\040\000t\000h\000e\000\040\000A\000W\000S\000\040\000P\000o\000r\000t}{section.9}% 41
\BOOKMARK [2][-]{subsection.9.3}{\376\377\000S\000D\000D\000\040\000M\000C\000P\000\040\000T\000o\000o\000l\000s}{section.9}% 42
\BOOKMARK [2][-]{subsection.9.4}{\376\377\000P\000r\000o\000p\000e\000r\000t\000y\000-\000B\000a\000s\000e\000d\000\040\000T\000e\000s\000t\000i\000n\000g\000\040\000i\000n\000\040\000S\000p\000e\000c\000i\000f\000i\000c\000a\000t\000i\000o\000n\000s}{section.9}% 43
\BOOKMARK [1][-]{section.10}{\376\377\000A\000d\000v\000a\000n\000c\000e\000d\000\040\000C\000a\000p\000a\000b\000i\000l\000i\000t\000i\000e\000s\000\040\000o\000n\000\040\000t\000h\000e\000\040\000H\000o\000r\000i\000z\000o\000n}{}% 44
\BOOKMARK [2][-]{subsection.10.1}{\376\377\000M\000a\000t\000r\000y\000o\000s\000h\000k\000a\000\040\000A\000d\000a\000p\000t\000i\000v\000e\000-\000D\000i\000m\000e\000n\000s\000i\000o\000n\000\040\000E\000m\000b\000e\000d\000d\000i\000n\000g\000s}{section.10}% 45
\BOOKMARK [2][-]{subsection.10.2}{\376\377\000S\000e\000l\000f\000-\000I\000m\000p\000r\000o\000v\000i\000n\000g\000\040\000R\000e\000t\000r\000i\000e\000v\000a\000l\000\040\000L\000o\000o\000p}{section.10}% 46
\BOOKMARK [2][-]{subsection.10.3}{\376\377\000S\000a\000g\000e\000M\000a\000k\000e\000r\000\040\000C\000o\000m\000p\000u\000t\000e\000\040\000O\000f\000f\000l\000o\000a\000d\000i\000n\000g}{section.10}% 47
\BOOKMARK [2][-]{subsection.10.4}{\376\377\000G\000r\000a\000p\000h\000-\000A\000u\000g\000m\000e\000n\000t\000e\000d\000\040\000R\000e\000t\000r\000i\000e\000v\000a\000l}{section.10}% 48
\BOOKMARK [2][-]{subsection.10.5}{\376\377\000C\000o\000m\000p\000a\000r\000a\000t\000i\000v\000e\000\040\000M\000u\000l\000t\000i\000-\000M\000o\000d\000e\000l\000\040\000Q\000u\000e\000r\000i\000e\000s}{section.10}% 49
\BOOKMARK [1][-]{section.11}{\376\377\000V\000a\000l\000i\000d\000a\000t\000i\000o\000n\000\040\000R\000e\000s\000u\000l\000t\000s}{}% 50
\BOOKMARK [2][-]{subsection.11.1}{\376\377\000T\000o\000o\000l\000-\000b\000y\000-\000T\000o\000o\000l\000\040\000V\000a\000l\000i\000d\000a\000t\000i\000o\000n}{section.11}% 51
\BOOKMARK [2][-]{subsection.11.2}{\376\377\000P\000e\000r\000f\000o\000r\000m\000a\000n\000c\000e\000\040\000M\000e\000t\000r\000i\000c\000s}{section.11}% 52
\BOOKMARK [2][-]{subsection.11.3}{\376\377\000E\000r\000r\000o\000r\000\040\000H\000a\000n\000d\000l\000i\000n\000g\000\040\000a\000n\000d\000\040\000R\000e\000s\000i\000l\000i\000e\000n\000c\000e}{section.11}% 53
\BOOKMARK [1][-]{section.12}{\376\377\000L\000e\000s\000s\000o\000n\000s\000\040\000L\000e\000a\000r\000n\000e\000d}{}% 54
\BOOKMARK [2][-]{subsection.12.1}{\376\377\000N\000e\000p\000t\000u\000n\000e\000\040\000o\000p\000e\000n\000C\000y\000p\000h\000e\000r\000\040\000C\000o\000m\000p\000a\000t\000i\000b\000i\000l\000i\000t\000y}{section.12}% 55
\BOOKMARK [2][-]{subsection.12.2}{\376\377\000S\000i\000l\000e\000n\000t\000\040\000F\000a\000i\000l\000u\000r\000e\000\040\000P\000a\000t\000t\000e\000r\000n\000s}{section.12}% 56
\BOOKMARK [2][-]{subsection.12.3}{\376\377\000I\000A\000M\000\040\000R\000o\000l\000e\000\040\000C\000r\000e\000a\000t\000i\000o\000n\000\040\000i\000n\000\040\000R\000e\000s\000t\000r\000i\000c\000t\000e\000d\000\040\000E\000n\000v\000i\000r\000o\000n\000m\000e\000n\000t\000s}{section.12}% 57
\BOOKMARK [2][-]{subsection.12.4}{\376\377\000V\000P\000C\000\040\000E\000n\000d\000p\000o\000i\000n\000t\000\040\000R\000e\000q\000u\000i\000r\000e\000m\000e\000n\000t\000s}{section.12}% 58
\BOOKMARK [2][-]{subsection.12.5}{\376\377\000D\000o\000c\000k\000e\000r\000\040\000C\000E\000\040\000v\000s\000\040\000D\000o\000c\000k\000e\000r\000\040\000D\000e\000s\000k\000t\000o\000p}{section.12}% 59
\BOOKMARK [1][-]{section.13}{\376\377\000C\000o\000n\000c\000l\000u\000s\000i\000o\000n}{}% 60
\BOOKMARK [1][-]{appendix.A}{\376\377\000C\000o\000m\000p\000l\000e\000t\000e\000\040\000T\000o\000o\000l\000\040\000I\000n\000v\000e\000n\000t\000o\000r\000y\000\040\000\050\0005\0001\000\040\000T\000o\000o\000l\000s\000\051}{}% 61
\BOOKMARK [1][-]{appendix.B}{\376\377\000O\000p\000e\000n\000S\000e\000a\000r\000c\000h\000\040\000I\000n\000d\000e\000x\000\040\000S\000c\000h\000e\000m\000a}{}% 62
\BOOKMARK [1][-]{appendix.C}{\376\377\000P\000r\000o\000v\000i\000s\000i\000o\000n\000i\000n\000g\000\040\000S\000c\000r\000i\000p\000t\000\040\000M\000a\000p\000p\000i\000n\000g\000:\000\040\000L\000e\000g\000a\000c\000y\000\040\000t\000o\000\040\000A\000W\000S}{}% 63
\BOOKMARK [1][-]{appendix.D}{\376\377\000K\000n\000o\000w\000l\000e\000d\000g\000e\000\040\000G\000r\000a\000p\000h\000\040\000N\000o\000d\000e\000\040\000T\000y\000p\000e\000\040\000C\000e\000n\000s\000u\000s}{}% 64
