\BOOKMARK [1][-]{section.1}{\376\377\000I\000n\000t\000r\000o\000d\000u\000c\000t\000i\000o\000n}{}% 1
\BOOKMARK [2][-]{subsection.1.1}{\376\377\000T\000h\000e\000\040\000R\000e\000s\000o\000u\000r\000c\000e\000\040\000C\000o\000n\000f\000i\000g\000u\000r\000a\000t\000i\000o\000n\000\040\000C\000h\000a\000l\000l\000e\000n\000g\000e}{section.1}% 2
\BOOKMARK [2][-]{subsection.1.2}{\376\377\000H\000i\000s\000t\000o\000r\000i\000c\000a\000l\000\040\000C\000o\000n\000t\000e\000x\000t}{section.1}% 3
\BOOKMARK [2][-]{subsection.1.3}{\376\377\000S\000c\000o\000p\000e\000\040\000a\000n\000d\000\040\000M\000e\000t\000h\000o\000d\000o\000l\000o\000g\000y}{section.1}% 4
\BOOKMARK [1][-]{section.2}{\376\377\000R\000e\000s\000o\000u\000r\000c\000e\000\040\000S\000p\000e\000c\000i\000f\000i\000c\000a\000t\000i\000o\000n\000\040\000P\000a\000r\000a\000d\000i\000g\000m\000s}{}% 5
\BOOKMARK [2][-]{subsection.2.1}{\376\377\000A\000r\000c\000h\000i\000t\000e\000c\000t\000u\000r\000a\000l\000\040\000O\000v\000e\000r\000v\000i\000e\000w}{section.2}% 6
\BOOKMARK [2][-]{subsection.2.2}{\376\377\000C\000R\000O\000W\000:\000\040\000D\000e\000c\000l\000a\000r\000a\000t\000i\000v\000e\000\040\000R\000e\000s\000o\000u\000r\000c\000e\000\040\000T\000a\000b\000l\000e\000s}{section.2}% 7
\BOOKMARK [3][-]{subsubsection.2.2.1}{\376\377\000T\000h\000e\000\040\000T\000y\000p\000e\000\040\000S\000y\000s\000t\000e\000m}{subsection.2.2}% 8
\BOOKMARK [3][-]{subsubsection.2.2.2}{\376\377\000R\000e\000s\000o\000u\000r\000c\000e\000\040\000T\000a\000b\000l\000e\000\040\000S\000t\000r\000u\000c\000t\000u\000r\000e}{subsection.2.2}% 9
\BOOKMARK [3][-]{subsubsection.2.2.3}{\376\377\000E\000n\000K\000F\000\040\000R\000e\000s\000o\000u\000r\000c\000e\000\040\000T\000a\000b\000l\000e\000s}{subsection.2.2}% 10
\BOOKMARK [3][-]{subsubsection.2.2.4}{\376\377\000J\000o\000b\000R\000e\000q\000u\000e\000s\000t\000\040\000C\000o\000n\000s\000t\000r\000u\000c\000t\000i\000o\000n}{subsection.2.2}% 11
\BOOKMARK [3][-]{subsubsection.2.2.5}{\376\377\000D\000o\000w\000n\000s\000t\000r\000e\000a\000m\000\040\000R\000e\000s\000o\000u\000r\000c\000e\000\040\000T\000a\000b\000l\000e\000s}{subsection.2.2}% 12
\BOOKMARK [2][-]{subsection.2.3}{\376\377\000G\000l\000o\000b\000a\000l\000-\000W\000o\000r\000k\000f\000l\000o\000w\000:\000\040\000I\000m\000p\000e\000r\000a\000t\000i\000v\000e\000\040\000C\000o\000n\000f\000i\000g\000u\000r\000a\000t\000i\000o\000n}{section.2}% 13
\BOOKMARK [3][-]{subsubsection.2.3.1}{\376\377\000C\000o\000n\000f\000i\000g\000u\000r\000a\000t\000i\000o\000n\000\040\000H\000i\000e\000r\000a\000r\000c\000h\000y}{subsection.2.3}% 14
\BOOKMARK [3][-]{subsubsection.2.3.2}{\376\377\000B\000a\000s\000e\000\040\000R\000e\000s\000o\000u\000r\000c\000e\000\040\000C\000o\000n\000f\000i\000g\000u\000r\000a\000t\000i\000o\000n}{subsection.2.3}% 15
\BOOKMARK [3][-]{subsubsection.2.3.3}{\376\377\000P\000l\000a\000t\000f\000o\000r\000m\000-\000S\000p\000e\000c\000i\000f\000i\000c\000\040\000O\000v\000e\000r\000r\000i\000d\000e\000s}{subsection.2.3}% 16
\BOOKMARK [3][-]{subsubsection.2.3.4}{\376\377\000P\000l\000a\000t\000f\000o\000r\000m\000\040\000E\000n\000v\000i\000r\000o\000n\000m\000e\000n\000t\000\040\000F\000i\000l\000e\000s}{subsection.2.3}% 17
\BOOKMARK [3][-]{subsubsection.2.3.5}{\376\377\000e\000c\000F\000l\000o\000w\000\040\000J\000o\000b\000\040\000S\000c\000r\000i\000p\000t\000\040\000I\000n\000t\000e\000g\000r\000a\000t\000i\000o\000n}{subsection.2.3}% 18
\BOOKMARK [1][-]{section.3}{\376\377\000M\000P\000I\000\040\000E\000x\000e\000c\000u\000t\000i\000o\000n\000\040\000P\000a\000t\000t\000e\000r\000n\000s}{}% 19
\BOOKMARK [2][-]{subsection.3.1}{\376\377\000T\000h\000e\000\040\000S\000P\000M\000D\000/\000M\000P\000M\000D\000\040\000D\000i\000c\000h\000o\000t\000o\000m\000y}{section.3}% 20
\BOOKMARK [2][-]{subsection.3.2}{\376\377\000C\000R\000O\000W\000:\000\040\000A\000b\000s\000t\000r\000a\000c\000t\000\040\000P\000a\000r\000a\000l\000l\000e\000l\000i\000s\000m\000\040\000L\000a\000y\000e\000r}{section.3}% 21
\BOOKMARK [3][-]{subsubsection.3.2.1}{\376\377\000P\000l\000a\000t\000f\000o\000r\000m\000\040\000D\000e\000f\000i\000n\000i\000t\000i\000o\000n}{subsection.3.2}% 22
\BOOKMARK [3][-]{subsubsection.3.2.2}{\376\377\000W\000C\000O\000S\000S\000\040\000C\000o\000n\000f\000i\000g\000u\000r\000a\000t\000i\000o\000n\000\040\000\050\000H\000i\000s\000t\000o\000r\000i\000c\000a\000l\000\051}{subsection.3.2}% 23
\BOOKMARK [2][-]{subsection.3.3}{\376\377\000G\000l\000o\000b\000a\000l\000-\000W\000o\000r\000k\000f\000l\000o\000w\000:\000\040\000M\000P\000M\000D\000\040\000W\000r\000a\000p\000p\000e\000r\000\040\000S\000y\000s\000t\000e\000m}{section.3}% 24
\BOOKMARK [3][-]{subsubsection.3.3.1}{\376\377\000M\000P\000M\000D\000\040\000E\000x\000e\000c\000u\000t\000i\000o\000n\000\040\000A\000r\000c\000h\000i\000t\000e\000c\000t\000u\000r\000e}{subsection.3.3}% 25
\BOOKMARK [3][-]{subsubsection.3.3.2}{\376\377\000C\000o\000m\000m\000a\000n\000d\000\040\000F\000i\000l\000e\000\040\000G\000e\000n\000e\000r\000a\000t\000i\000o\000n}{subsection.3.3}% 26
\BOOKMARK [3][-]{subsubsection.3.3.3}{\376\377\000C\000F\000P\000\040\000\050\000C\000o\000u\000p\000l\000e\000d\000\040\000F\000r\000a\000m\000e\000w\000o\000r\000k\000\040\000P\000a\000r\000a\000l\000l\000e\000l\000i\000s\000m\000\051}{subsection.3.3}% 27
\BOOKMARK [2][-]{subsection.3.4}{\376\377\000L\000a\000u\000n\000c\000h\000e\000r\000\040\000A\000b\000s\000t\000r\000a\000c\000t\000i\000o\000n\000\040\000C\000o\000m\000p\000a\000r\000i\000s\000o\000n}{section.3}% 28
\BOOKMARK [1][-]{section.4}{\376\377\000C\000o\000m\000p\000a\000r\000a\000t\000i\000v\000e\000\040\000A\000n\000a\000l\000y\000s\000i\000s}{}% 29
\BOOKMARK [2][-]{subsection.4.1}{\376\377\000C\000o\000d\000e\000\040\000O\000r\000g\000a\000n\000i\000z\000a\000t\000i\000o\000n}{section.4}% 30
\BOOKMARK [2][-]{subsection.4.2}{\376\377\000A\000d\000d\000i\000n\000g\000\040\000a\000\040\000N\000e\000w\000\040\000R\000e\000s\000o\000l\000u\000t\000i\000o\000n}{section.4}% 31
\BOOKMARK [3][-]{subsubsection.4.2.1}{\376\377\000C\000R\000O\000W\000\040\000A\000p\000p\000r\000o\000a\000c\000h}{subsection.4.2}% 32
\BOOKMARK [3][-]{subsubsection.4.2.2}{\376\377\000G\000l\000o\000b\000a\000l\000-\000W\000o\000r\000k\000f\000l\000o\000w\000\040\000A\000p\000p\000r\000o\000a\000c\000h}{subsection.4.2}% 33
\BOOKMARK [2][-]{subsection.4.3}{\376\377\000A\000d\000d\000i\000n\000g\000\040\000a\000\040\000N\000e\000w\000\040\000H\000P\000C\000\040\000P\000l\000a\000t\000f\000o\000r\000m}{section.4}% 34
\BOOKMARK [3][-]{subsubsection.4.3.1}{\376\377\000C\000R\000O\000W\000\040\000A\000p\000p\000r\000o\000a\000c\000h}{subsection.4.3}% 35
\BOOKMARK [3][-]{subsubsection.4.3.2}{\376\377\000G\000l\000o\000b\000a\000l\000-\000W\000o\000r\000k\000f\000l\000o\000w\000\040\000A\000p\000p\000r\000o\000a\000c\000h}{subsection.4.3}% 36
\BOOKMARK [2][-]{subsection.4.4}{\376\377\000V\000a\000l\000i\000d\000a\000t\000i\000o\000n\000\040\000C\000a\000p\000a\000b\000i\000l\000i\000t\000i\000e\000s}{section.4}% 37
\BOOKMARK [2][-]{subsection.4.5}{\376\377\000E\000r\000r\000o\000r\000\040\000H\000a\000n\000d\000l\000i\000n\000g\000\040\000P\000a\000t\000t\000e\000r\000n\000s}{section.4}% 38
\BOOKMARK [3][-]{subsubsection.4.5.1}{\376\377\000C\000R\000O\000W\000:\000\040\000F\000a\000i\000l\000-\000F\000a\000s\000t}{subsection.4.5}% 39
\BOOKMARK [3][-]{subsubsection.4.5.2}{\376\377\000G\000l\000o\000b\000a\000l\000-\000W\000o\000r\000k\000f\000l\000o\000w\000:\000\040\000D\000e\000f\000e\000n\000s\000i\000v\000e\000\040\000D\000e\000f\000a\000u\000l\000t\000s}{subsection.4.5}% 40
\BOOKMARK [2][-]{subsection.4.6}{\376\377\000M\000a\000i\000n\000t\000e\000n\000a\000n\000c\000e\000\040\000M\000e\000t\000r\000i\000c\000s}{section.4}% 41
\BOOKMARK [1][-]{section.5}{\376\377\000R\000e\000s\000o\000u\000r\000c\000e\000\040\000T\000u\000p\000l\000e\000\040\000S\000e\000m\000a\000n\000t\000i\000c\000s}{}% 42
\BOOKMARK [2][-]{subsection.5.1}{\376\377\000C\000R\000O\000W\000\040\000T\000u\000p\000l\000e\000\040\000F\000o\000r\000m\000a\000t}{section.5}% 43
\BOOKMARK [2][-]{subsection.5.2}{\376\377\000G\000l\000o\000b\000a\000l\000-\000W\000o\000r\000k\000f\000l\000o\000w\000\040\000V\000a\000r\000i\000a\000b\000l\000e\000s}{section.5}% 44
\BOOKMARK [2][-]{subsection.5.3}{\376\377\000S\000e\000m\000a\000n\000t\000i\000c\000\040\000C\000o\000m\000p\000a\000r\000i\000s\000o\000n}{section.5}% 45
\BOOKMARK [2][-]{subsection.5.4}{\376\377\000T\000h\000r\000e\000a\000d\000\040\000C\000o\000n\000f\000i\000g\000u\000r\000a\000t\000i\000o\000n\000\040\000S\000e\000m\000a\000n\000t\000i\000c\000s}{section.5}% 46
\BOOKMARK [1][-]{section.6}{\376\377\000E\000x\000e\000c\000u\000t\000i\000o\000n\000\040\000F\000l\000o\000w\000\040\000C\000o\000m\000p\000a\000r\000i\000s\000o\000n}{}% 47
\BOOKMARK [2][-]{subsection.6.1}{\376\377\000C\000R\000O\000W\000\040\000E\000x\000e\000c\000u\000t\000i\000o\000n\000\040\000P\000a\000t\000h}{section.6}% 48
\BOOKMARK [2][-]{subsection.6.2}{\376\377\000G\000l\000o\000b\000a\000l\000-\000W\000o\000r\000k\000f\000l\000o\000w\000\040\000E\000x\000e\000c\000u\000t\000i\000o\000n\000\040\000P\000a\000t\000h}{section.6}% 49
\BOOKMARK [2][-]{subsection.6.3}{\376\377\000E\000x\000e\000c\000u\000t\000i\000o\000n\000\040\000T\000i\000m\000e\000l\000i\000n\000e\000\040\000C\000o\000m\000p\000a\000r\000i\000s\000o\000n}{section.6}% 50
\BOOKMARK [1][-]{section.7}{\376\377\000M\000e\000m\000o\000r\000y\000\040\000a\000n\000d\000\040\000T\000h\000r\000e\000a\000d\000\040\000C\000o\000n\000f\000i\000g\000u\000r\000a\000t\000i\000o\000n}{}% 51
\BOOKMARK [2][-]{subsection.7.1}{\376\377\000M\000e\000m\000o\000r\000y\000\040\000S\000p\000e\000c\000i\000f\000i\000c\000a\000t\000i\000o\000n\000\040\000M\000o\000d\000e\000l\000s}{section.7}% 52
\BOOKMARK [3][-]{subsubsection.7.1.1}{\376\377\000C\000R\000O\000W\000\040\000M\000e\000m\000o\000r\000y\000\040\000S\000p\000e\000c\000i\000f\000i\000c\000a\000t\000i\000o\000n}{subsection.7.1}% 53
\BOOKMARK [3][-]{subsubsection.7.1.2}{\376\377\000G\000l\000o\000b\000a\000l\000-\000W\000o\000r\000k\000f\000l\000o\000w\000\040\000M\000e\000m\000o\000r\000y}{subsection.7.1}% 54
\BOOKMARK [2][-]{subsection.7.2}{\376\377\000O\000p\000e\000n\000M\000P\000\040\000T\000h\000r\000e\000a\000d\000\040\000M\000a\000n\000a\000g\000e\000m\000e\000n\000t}{section.7}% 55
\BOOKMARK [3][-]{subsubsection.7.2.1}{\376\377\000T\000h\000r\000e\000a\000d\000\040\000C\000a\000l\000c\000u\000l\000a\000t\000i\000o\000n}{subsection.7.2}% 56
\BOOKMARK [3][-]{subsubsection.7.2.2}{\376\377\000C\000R\000O\000W\000\040\000T\000h\000r\000e\000a\000d\000\040\000S\000e\000m\000a\000n\000t\000i\000c\000s}{subsection.7.2}% 57
\BOOKMARK [3][-]{subsubsection.7.2.3}{\376\377\000G\000l\000o\000b\000a\000l\000-\000W\000o\000r\000k\000f\000l\000o\000w\000\040\000T\000h\000r\000e\000a\000d\000\040\000M\000a\000n\000a\000g\000e\000m\000e\000n\000t}{subsection.7.2}% 58
\BOOKMARK [2][-]{subsection.7.3}{\376\377\000H\000y\000b\000r\000i\000d\000\040\000M\000P\000I\000+\000O\000p\000e\000n\000M\000P\000\040\000T\000o\000p\000o\000l\000o\000g\000y}{section.7}% 59
\BOOKMARK [1][-]{section.8}{\376\377\000E\000r\000r\000o\000r\000\040\000H\000a\000n\000d\000l\000i\000n\000g\000\040\000a\000n\000d\000\040\000V\000a\000l\000i\000d\000a\000t\000i\000o\000n}{}% 60
\BOOKMARK [2][-]{subsection.8.1}{\376\377\000C\000R\000O\000W\000:\000\040\000F\000a\000i\000l\000-\000F\000a\000s\000t\000\040\000P\000h\000i\000l\000o\000s\000o\000p\000h\000y}{section.8}% 61
\BOOKMARK [2][-]{subsection.8.2}{\376\377\000G\000l\000o\000b\000a\000l\000-\000W\000o\000r\000k\000f\000l\000o\000w\000:\000\040\000D\000e\000f\000e\000n\000s\000i\000v\000e\000\040\000P\000r\000o\000g\000r\000a\000m\000m\000i\000n\000g}{section.8}% 62
\BOOKMARK [2][-]{subsection.8.3}{\376\377\000E\000r\000r\000o\000r\000\040\000D\000e\000t\000e\000c\000t\000i\000o\000n\000\040\000T\000i\000m\000i\000n\000g}{section.8}% 63
\BOOKMARK [2][-]{subsection.8.4}{\376\377\000E\000r\000r\000o\000r\000\040\000M\000e\000s\000s\000a\000g\000e\000\040\000Q\000u\000a\000l\000i\000t\000y}{section.8}% 64
\BOOKMARK [1][-]{section.9}{\376\377\000P\000r\000a\000c\000t\000i\000c\000a\000l\000\040\000I\000m\000p\000l\000i\000c\000a\000t\000i\000o\000n\000s}{}% 65
\BOOKMARK [2][-]{subsection.9.1}{\376\377\000D\000e\000v\000e\000l\000o\000p\000e\000r\000\040\000E\000x\000p\000e\000r\000i\000e\000n\000c\000e}{section.9}% 66
\BOOKMARK [3][-]{subsubsection.9.1.1}{\376\377\000D\000e\000b\000u\000g\000g\000i\000n\000g\000\040\000W\000o\000r\000k\000f\000l\000o\000w}{subsection.9.1}% 67
\BOOKMARK [3][-]{subsubsection.9.1.2}{\376\377\000O\000n\000b\000o\000a\000r\000d\000i\000n\000g\000\040\000M\000e\000t\000r\000i\000c\000s}{subsection.9.1}% 68
\BOOKMARK [2][-]{subsection.9.2}{\376\377\000M\000a\000i\000n\000t\000e\000n\000a\000n\000c\000e\000\040\000B\000u\000r\000d\000e\000n}{section.9}% 69
\BOOKMARK [3][-]{subsubsection.9.2.1}{\376\377\000L\000i\000n\000e\000s\000\040\000o\000f\000\040\000C\000o\000d\000e\000\040\000A\000n\000a\000l\000y\000s\000i\000s}{subsection.9.2}% 70
\BOOKMARK [3][-]{subsubsection.9.2.2}{\376\377\000C\000h\000a\000n\000g\000e\000\040\000F\000r\000e\000q\000u\000e\000n\000c\000y\000\040\000A\000n\000a\000l\000y\000s\000i\000s}{subsection.9.2}% 71
\BOOKMARK [2][-]{subsection.9.3}{\376\377\000T\000e\000s\000t\000i\000n\000g\000\040\000I\000m\000p\000l\000i\000c\000a\000t\000i\000o\000n\000s}{section.9}% 72
\BOOKMARK [3][-]{subsubsection.9.3.1}{\376\377\000C\000R\000O\000W\000\040\000T\000e\000s\000t\000i\000n\000g}{subsection.9.3}% 73
\BOOKMARK [3][-]{subsubsection.9.3.2}{\376\377\000G\000l\000o\000b\000a\000l\000-\000W\000o\000r\000k\000f\000l\000o\000w\000\040\000T\000e\000s\000t\000i\000n\000g}{subsection.9.3}% 74
\BOOKMARK [1][-]{section.10}{\376\377\000C\000o\000m\000p\000r\000e\000h\000e\000n\000s\000i\000v\000e\000\040\000F\000e\000a\000t\000u\000r\000e\000\040\000M\000a\000t\000r\000i\000x}{}% 75
\BOOKMARK [1][-]{section.11}{\376\377\000R\000e\000c\000o\000m\000m\000e\000n\000d\000a\000t\000i\000o\000n\000s}{}% 76
\BOOKMARK [2][-]{subsection.11.1}{\376\377\000A\000r\000c\000h\000i\000t\000e\000c\000t\000u\000r\000a\000l\000\040\000R\000e\000c\000o\000m\000m\000e\000n\000d\000a\000t\000i\000o\000n\000:\000\040\000H\000y\000b\000r\000i\000d\000\040\000A\000p\000p\000r\000o\000a\000c\000h}{section.11}% 77
\BOOKMARK [2][-]{subsection.11.2}{\376\377\000S\000p\000e\000c\000i\000f\000i\000c\000\040\000R\000e\000c\000o\000m\000m\000e\000n\000d\000a\000t\000i\000o\000n\000s}{section.11}% 78
\BOOKMARK [3][-]{subsubsection.11.2.1}{\376\377\000R\000e\000c\000o\000m\000m\000e\000n\000d\000a\000t\000i\000o\000n\000\040\0001\000:\000\040\000S\000t\000a\000n\000d\000a\000r\000d\000\040\000S\000c\000h\000e\000m\000a\000\040\000L\000a\000n\000g\000u\000a\000g\000e}{subsection.11.2}% 79
\BOOKMARK [3][-]{subsubsection.11.2.2}{\376\377\000R\000e\000c\000o\000m\000m\000e\000n\000d\000a\000t\000i\000o\000n\000\040\0002\000:\000\040\000E\000x\000p\000l\000i\000c\000i\000t\000\040\000C\000o\000m\000p\000i\000l\000a\000t\000i\000o\000n\000\040\000S\000t\000e\000p}{subsection.11.2}% 80
\BOOKMARK [3][-]{subsubsection.11.2.3}{\376\377\000R\000e\000c\000o\000m\000m\000e\000n\000d\000a\000t\000i\000o\000n\000\040\0003\000:\000\040\000P\000r\000e\000s\000e\000r\000v\000e\000\040\000M\000P\000M\000D\000\040\000I\000n\000f\000r\000a\000s\000t\000r\000u\000c\000t\000u\000r\000e}{subsection.11.2}% 81
\BOOKMARK [3][-]{subsubsection.11.2.4}{\376\377\000R\000e\000c\000o\000m\000m\000e\000n\000d\000a\000t\000i\000o\000n\000\040\0004\000:\000\040\000V\000a\000l\000i\000d\000a\000t\000i\000o\000n\000\040\000P\000i\000p\000e\000l\000i\000n\000e}{subsection.11.2}% 82
\BOOKMARK [3][-]{subsubsection.11.2.5}{\376\377\000R\000e\000c\000o\000m\000m\000e\000n\000d\000a\000t\000i\000o\000n\000\040\0005\000:\000\040\000F\000u\000t\000u\000r\000e\000\040\000I\000n\000f\000r\000a\000s\000t\000r\000u\000c\000t\000u\000r\000e\000\040\000R\000e\000q\000u\000i\000r\000e\000m\000e\000n\000t\000s}{subsection.11.2}% 83
\BOOKMARK [2][-]{subsection.11.3}{\376\377\000M\000i\000g\000r\000a\000t\000i\000o\000n\000\040\000S\000t\000r\000a\000t\000e\000g\000y}{section.11}% 84
\BOOKMARK [2][-]{subsection.11.4}{\376\377\000S\000u\000m\000m\000a\000r\000y\000\040\000o\000f\000\040\000R\000e\000c\000o\000m\000m\000e\000n\000d\000a\000t\000i\000o\000n\000s}{section.11}% 85
\BOOKMARK [1][-]{section.12}{\376\377\000C\000o\000n\000c\000l\000u\000s\000i\000o\000n}{}% 86
\BOOKMARK [2][-]{subsection.12.1}{\376\377\000K\000e\000y\000\040\000F\000i\000n\000d\000i\000n\000g\000s}{section.12}% 87
\BOOKMARK [2][-]{subsection.12.2}{\376\377\000V\000e\000r\000d\000i\000c\000t\000:\000\040\000C\000o\000n\000t\000e\000x\000t\000-\000D\000e\000p\000e\000n\000d\000e\000n\000t\000\040\000C\000h\000o\000i\000c\000e}{section.12}% 88
\BOOKMARK [2][-]{subsection.12.3}{\376\377\000P\000a\000t\000h\000\040\000F\000o\000r\000w\000a\000r\000d}{section.12}% 89
\BOOKMARK [2][-]{subsection.12.4}{\376\377\000F\000u\000t\000u\000r\000e\000\040\000W\000o\000r\000k}{section.12}% 90
\BOOKMARK [1][-]{appendix.A}{\376\377\000C\000R\000O\000W\000\040\000C\000u\000s\000t\000o\000m\000\040\000T\000a\000g\000\040\000R\000e\000f\000e\000r\000e\000n\000c\000e}{}% 91
\BOOKMARK [1][-]{appendix.B}{\376\377\000G\000l\000o\000b\000a\000l\000-\000W\000o\000r\000k\000f\000l\000o\000w\000\040\000A\000P\000R\000U\000N\000\040\000V\000a\000r\000i\000a\000b\000l\000e\000s}{}% 92
