\BOOKMARK [1][-]{section.1}{\376\377\000I\000n\000t\000r\000o\000d\000u\000c\000t\000i\000o\000n}{}% 1
\BOOKMARK [2][-]{subsection.1.1}{\376\377\000P\000r\000o\000b\000l\000e\000m\000\040\000S\000t\000a\000t\000e\000m\000e\000n\000t}{section.1}% 2
\BOOKMARK [2][-]{subsection.1.2}{\376\377\000S\000o\000l\000u\000t\000i\000o\000n\000\040\000A\000r\000c\000h\000i\000t\000e\000c\000t\000u\000r\000e}{section.1}% 3
\BOOKMARK [2][-]{subsection.1.3}{\376\377\000D\000o\000c\000u\000m\000e\000n\000t\000\040\000S\000c\000o\000p\000e}{section.1}% 4
\BOOKMARK [1][-]{section.2}{\376\377\000A\000r\000c\000h\000i\000t\000e\000c\000t\000u\000r\000e\000\040\000O\000v\000e\000r\000v\000i\000e\000w}{}% 5
\BOOKMARK [2][-]{subsection.2.1}{\376\377\000S\000y\000s\000t\000e\000m\000\040\000C\000o\000m\000p\000o\000n\000e\000n\000t\000\040\000H\000i\000e\000r\000a\000r\000c\000h\000y}{section.2}% 6
\BOOKMARK [2][-]{subsection.2.2}{\376\377\000D\000i\000r\000e\000c\000t\000o\000r\000y\000\040\000S\000t\000r\000u\000c\000t\000u\000r\000e}{section.2}% 7
\BOOKMARK [1][-]{section.3}{\376\377\000C\000o\000r\000e\000\040\000M\000P\000M\000D\000\040\000S\000c\000r\000i\000p\000t\000\040\000A\000n\000a\000l\000y\000s\000i\000s}{}% 8
\BOOKMARK [2][-]{subsection.3.1}{\376\377\000S\000c\000r\000i\000p\000t\000\040\000O\000v\000e\000r\000v\000i\000e\000w}{section.3}% 9
\BOOKMARK [2][-]{subsection.3.2}{\376\377\000A\000l\000g\000o\000r\000i\000t\000h\000m\000\040\000D\000e\000s\000c\000r\000i\000p\000t\000i\000o\000n}{section.3}% 10
\BOOKMARK [2][-]{subsection.3.3}{\376\377\000K\000e\000y\000\040\000I\000m\000p\000l\000e\000m\000e\000n\000t\000a\000t\000i\000o\000n\000\040\000D\000e\000t\000a\000i\000l\000s}{section.3}% 11
\BOOKMARK [3][-]{subsubsection.3.3.1}{\376\377\000T\000h\000r\000e\000a\000d\000\040\000C\000o\000n\000t\000r\000o\000l}{subsection.3.3}% 12
\BOOKMARK [3][-]{subsubsection.3.3.2}{\376\377\000L\000a\000u\000n\000c\000h\000e\000r\000\040\000D\000e\000t\000e\000c\000t\000i\000o\000n}{subsection.3.3}% 13
\BOOKMARK [1][-]{section.4}{\376\377\000H\000P\000C\000\040\000P\000l\000a\000t\000f\000o\000r\000m\000\040\000C\000o\000n\000f\000i\000g\000u\000r\000a\000t\000i\000o\000n\000s}{}% 14
\BOOKMARK [2][-]{subsection.4.1}{\376\377\000P\000l\000a\000t\000f\000o\000r\000m\000\040\000C\000l\000a\000s\000s\000i\000f\000i\000c\000a\000t\000i\000o\000n}{section.4}% 15
\BOOKMARK [2][-]{subsection.4.2}{\376\377\000T\000i\000e\000r\000\040\0001\000:\000\040\000P\000r\000o\000d\000u\000c\000t\000i\000o\000n\000\040\000S\000y\000s\000t\000e\000m\000s}{section.4}% 16
\BOOKMARK [3][-]{subsubsection.4.2.1}{\376\377\000W\000C\000O\000S\000S\0002\000\040\000C\000o\000n\000f\000i\000g\000u\000r\000a\000t\000i\000o\000n}{subsection.4.2}% 17
\BOOKMARK [2][-]{subsection.4.3}{\376\377\000T\000i\000e\000r\000\040\0002\000:\000\040\000R\000e\000s\000e\000a\000r\000c\000h\000\040\000\046\000\040\000D\000e\000v\000e\000l\000o\000p\000m\000e\000n\000t\000\040\000S\000y\000s\000t\000e\000m\000s}{section.4}% 18
\BOOKMARK [3][-]{subsubsection.4.3.1}{\376\377\000H\000e\000r\000a\000\040\000C\000o\000n\000f\000i\000g\000u\000r\000a\000t\000i\000o\000n}{subsection.4.3}% 19
\BOOKMARK [3][-]{subsubsection.4.3.2}{\376\377\000G\000a\000e\000a\000\040\000C\0006\000\040\000C\000o\000n\000f\000i\000g\000u\000r\000a\000t\000i\000o\000n}{subsection.4.3}% 20
\BOOKMARK [2][-]{subsection.4.4}{\376\377\000T\000i\000e\000r\000\040\0003\000:\000\040\000C\000l\000o\000u\000d\000\040\000P\000l\000a\000t\000f\000o\000r\000m\000s}{section.4}% 21
\BOOKMARK [3][-]{subsubsection.4.4.1}{\376\377\000A\000W\000S\000\040\000P\000a\000r\000a\000l\000l\000e\000l\000W\000o\000r\000k\000s\000\040\000C\000o\000n\000f\000i\000g\000u\000r\000a\000t\000i\000o\000n}{subsection.4.4}% 22
\BOOKMARK [1][-]{section.5}{\376\377\000M\000P\000I\000\040\000T\000u\000n\000i\000n\000g\000\040\000P\000a\000r\000a\000m\000e\000t\000e\000r\000s}{}% 23
\BOOKMARK [2][-]{subsection.5.1}{\376\377\000I\000n\000t\000e\000l\000\040\000M\000P\000I\000\040\000P\000a\000r\000a\000m\000e\000t\000e\000r\000s}{section.5}% 24
\BOOKMARK [2][-]{subsection.5.2}{\376\377\000C\000r\000a\000y\000\040\000M\000P\000I\000C\000H\000\040\000P\000a\000r\000a\000m\000e\000t\000e\000r\000s}{section.5}% 25
\BOOKMARK [2][-]{subsection.5.3}{\376\377\000O\000p\000e\000n\000M\000P\000\040\000S\000t\000a\000c\000k\000\040\000C\000o\000n\000f\000i\000g\000u\000r\000a\000t\000i\000o\000n}{section.5}% 26
\BOOKMARK [1][-]{section.6}{\376\377\000J\000o\000b\000\040\000R\000e\000s\000o\000u\000r\000c\000e\000\040\000C\000o\000n\000f\000i\000g\000u\000r\000a\000t\000i\000o\000n}{}% 27
\BOOKMARK [2][-]{subsection.6.1}{\376\377\000T\000h\000r\000e\000e\000-\000L\000e\000v\000e\000l\000\040\000C\000o\000n\000f\000i\000g\000u\000r\000a\000t\000i\000o\000n\000\040\000C\000h\000a\000i\000n}{section.6}% 28
\BOOKMARK [2][-]{subsection.6.2}{\376\377\000R\000e\000s\000o\000u\000r\000c\000e\000\040\000V\000a\000r\000i\000a\000b\000l\000e\000s}{section.6}% 29
\BOOKMARK [2][-]{subsection.6.3}{\376\377\000A\000P\000R\000U\000N\000\040\000V\000a\000r\000i\000a\000b\000l\000e\000\040\000M\000a\000p\000p\000i\000n\000g}{section.6}% 30
\BOOKMARK [1][-]{section.7}{\376\377\000C\000o\000m\000m\000a\000n\000d\000\040\000F\000i\000l\000e\000\040\000T\000r\000a\000n\000s\000f\000o\000r\000m\000a\000t\000i\000o\000n\000s}{}% 31
\BOOKMARK [2][-]{subsection.7.1}{\376\377\000G\000e\000n\000e\000r\000i\000c\000\040\000I\000n\000p\000u\000t\000\040\000F\000o\000r\000m\000a\000t}{section.7}% 32
\BOOKMARK [2][-]{subsection.7.2}{\376\377\000S\000l\000u\000r\000m\000\040\000M\000u\000l\000t\000i\000-\000P\000r\000o\000g\000\040\000T\000r\000a\000n\000s\000f\000o\000r\000m\000a\000t\000i\000o\000n}{section.7}% 33
\BOOKMARK [2][-]{subsection.7.3}{\376\377\000P\000B\000S\000\040\000C\000F\000P\000\040\000T\000r\000a\000n\000s\000f\000o\000r\000m\000a\000t\000i\000o\000n}{section.7}% 34
\BOOKMARK [1][-]{section.8}{\376\377\000N\000e\000t\000w\000o\000r\000k\000\040\000F\000a\000b\000r\000i\000c\000\040\000D\000e\000t\000a\000i\000l\000s}{}% 35
\BOOKMARK [2][-]{subsection.8.1}{\376\377\000F\000a\000b\000r\000i\000c\000\040\000C\000o\000m\000p\000a\000r\000i\000s\000o\000n}{section.8}% 36
\BOOKMARK [2][-]{subsection.8.2}{\376\377\000I\000n\000f\000i\000n\000i\000B\000a\000n\000d\000\040\000C\000o\000n\000f\000i\000g\000u\000r\000a\000t\000i\000o\000n}{section.8}% 37
\BOOKMARK [2][-]{subsection.8.3}{\376\377\000S\000l\000i\000n\000g\000s\000h\000o\000t\000/\000C\000X\000I\000\040\000C\000o\000n\000f\000i\000g\000u\000r\000a\000t\000i\000o\000n}{section.8}% 38
\BOOKMARK [1][-]{section.9}{\376\377\000C\000o\000u\000p\000l\000e\000d\000\040\000F\000r\000a\000m\000e\000w\000o\000r\000k\000\040\000P\000a\000r\000a\000l\000l\000e\000l\000i\000s\000m\000\040\000\050\000C\000F\000P\000\051}{}% 39
\BOOKMARK [2][-]{subsection.9.1}{\376\377\000C\000F\000P\000\040\000O\000v\000e\000r\000v\000i\000e\000w}{section.9}% 40
\BOOKMARK [2][-]{subsection.9.2}{\376\377\000C\000F\000P\000\040\000M\000o\000d\000u\000l\000e\000\040\000L\000o\000a\000d\000i\000n\000g}{section.9}% 41
\BOOKMARK [2][-]{subsection.9.3}{\376\377\000C\000F\000P\000\040\000E\000x\000e\000c\000u\000t\000i\000o\000n\000\040\000M\000o\000d\000e\000l}{section.9}% 42
\BOOKMARK [2][-]{subsection.9.4}{\376\377\000C\000F\000P\000\040\000v\000s\000.\000\040\000S\000l\000u\000r\000m\000\040\000M\000u\000l\000t\000i\000-\000P\000r\000o\000g}{section.9}% 43
\BOOKMARK [1][-]{section.10}{\376\377\000M\000P\000M\000D\000\040\000U\000s\000e\000\040\000C\000a\000s\000e\000s}{}% 44
\BOOKMARK [2][-]{subsection.10.1}{\376\377\000O\000b\000s\000e\000r\000v\000a\000t\000i\000o\000n\000\040\000P\000r\000o\000c\000e\000s\000s\000i\000n\000g}{section.10}% 45
\BOOKMARK [2][-]{subsection.10.2}{\376\377\000W\000a\000v\000e\000\040\000G\000r\000i\000d\000\040\000I\000n\000i\000t\000i\000a\000l\000i\000z\000a\000t\000i\000o\000n}{section.10}% 46
\BOOKMARK [2][-]{subsection.10.3}{\376\377\000P\000r\000o\000d\000u\000c\000t\000\040\000G\000e\000n\000e\000r\000a\000t\000i\000o\000n}{section.10}% 47
\BOOKMARK [1][-]{section.11}{\376\377\000T\000r\000o\000u\000b\000l\000e\000s\000h\000o\000o\000t\000i\000n\000g\000\040\000G\000u\000i\000d\000e}{}% 48
\BOOKMARK [2][-]{subsection.11.1}{\376\377\000C\000o\000m\000m\000o\000n\000\040\000I\000s\000s\000u\000e\000s}{section.11}% 49
\BOOKMARK [3][-]{subsubsection.11.1.1}{\376\377\000I\000s\000s\000u\000e\000:\000\040\000T\000a\000s\000k\000s\000\040\000E\000x\000e\000c\000u\000t\000e\000\040\000S\000e\000r\000i\000a\000l\000l\000y}{subsection.11.1}% 50
\BOOKMARK [3][-]{subsubsection.11.1.2}{\376\377\000I\000s\000s\000u\000e\000:\000\040\000T\000a\000s\000k\000\040\000F\000a\000i\000l\000u\000r\000e\000s\000\040\000w\000i\000t\000h\000\040\000N\000o\000\040\000O\000u\000t\000p\000u\000t}{subsection.11.1}% 51
\BOOKMARK [3][-]{subsubsection.11.1.3}{\376\377\000I\000s\000s\000u\000e\000:\000\040\000C\000F\000P\000\040\000N\000o\000t\000\040\000F\000o\000u\000n\000d}{subsection.11.1}% 52
\BOOKMARK [2][-]{subsection.11.2}{\376\377\000D\000e\000b\000u\000g\000\040\000M\000o\000d\000e}{section.11}% 53
\BOOKMARK [1][-]{section.12}{\376\377\000P\000e\000r\000f\000o\000r\000m\000a\000n\000c\000e\000\040\000C\000o\000n\000s\000i\000d\000e\000r\000a\000t\000i\000o\000n\000s}{}% 54
\BOOKMARK [2][-]{subsection.12.1}{\376\377\000T\000a\000s\000k\000\040\000G\000r\000a\000n\000u\000l\000a\000r\000i\000t\000y}{section.12}% 55
\BOOKMARK [2][-]{subsection.12.2}{\376\377\000N\000e\000t\000w\000o\000r\000k\000\040\000B\000a\000n\000d\000w\000i\000d\000t\000h}{section.12}% 56
\BOOKMARK [2][-]{subsection.12.3}{\376\377\000M\000e\000m\000o\000r\000y\000\040\000S\000c\000a\000l\000i\000n\000g}{section.12}% 57
\BOOKMARK [1][-]{section.13}{\376\377\000C\000o\000n\000c\000l\000u\000s\000i\000o\000n}{}% 58
\BOOKMARK [1][-]{appendix.A}{\376\377\000C\000o\000m\000p\000l\000e\000t\000e\000\040\000E\000n\000v\000i\000r\000o\000n\000m\000e\000n\000t\000\040\000F\000i\000l\000e\000\040\000L\000i\000s\000t\000i\000n\000g}{}% 59
\BOOKMARK [2][-]{subsection.A.1}{\376\377\000H\000E\000R\000A\000.\000e\000n\000v}{appendix.A}% 60
\BOOKMARK [2][-]{subsection.A.2}{\376\377\000W\000C\000O\000S\000S\0002\000.\000e\000n\000v}{appendix.A}% 61
\BOOKMARK [2][-]{subsection.A.3}{\376\377\000G\000A\000E\000A\000C\0006\000.\000e\000n\000v}{appendix.A}% 62
\BOOKMARK [1][-]{appendix.B}{\376\377\000H\000o\000s\000t\000\040\000Y\000A\000M\000L\000\040\000C\000o\000n\000f\000i\000g\000u\000r\000a\000t\000i\000o\000n\000\040\000S\000c\000h\000e\000m\000a}{}% 63
